ERROR at 9:29-9:45: SomeProp.rec takes 0 level argument(s), but 1 were provided.