ERROR at tests/data/large_elimination/props_with_multiple_constructors_1.ck 6:27-6:41: SomeTy.rec takes 0 level argument(s), but 1 were provided.