ERROR at tests/data/large_elimination/props_with_multiple_constructors_2.ck 9:27-9:41: SomeTy.rec takes 0 level argument(s), but 1 were provided.