ERROR at 2:9-2:14: Invalid level for constructor parameter - this parameter is of type
  Sort 1
at level
  2
which is not less than or equal to the inductive type's level
  1
