ERROR at 2:10-2:17: Invalid cannot be referenced here. The inductive datatype being constructed can only be referenced in strictly positive positions.