ERROR at tests/data/invalid/constructor_parameter_level_too_high_2.ck 2:9-2:16: Invalid level for constructor parameter - this parameter is of type
  Sort u
at level
  (u + 1)
which is not less than or equal to the inductive type's level
  1
