ERROR at 3:16-3:24: SomeType is not a sort or family of sorts.