ERROR at tests/data/invalid/may_or_may_not_be_prop.ck 1:20-1:27: Inductive types must either always be in Prop or always not be in Prop, but the level
  u
could be either.