ERROR at 4:16-4:23: Mismatched inductive type parameter. Found SomeTy, expected T?0